#
# There is insufficient memory for the Java Runtime Environment to continue.
# Native memory allocation (malloc) failed to allocate 237792 bytes. Error detail: Chunk::new
# Possible reasons:
#   The system is out of physical RAM or swap space
#   This process is running with CompressedOops enabled, and the Java Heap may be blocking the growth of the native heap
# Possible solutions:
#   Reduce memory load on the system
#   Increase physical memory or swap space
#   Check if swap backing store is full
#   Decrease Java heap size (-Xmx/-Xms)
#   Decrease number of Java threads
#   Decrease Java thread stack sizes (-Xss)
#   Set larger code cache with -XX:ReservedCodeCacheSize=
#   JVM is running with Unscaled Compressed Oops mode in which the Java heap is
#     placed in the first 4GB address space. The Java Heap base address is the
#     maximum limit for the native heap growth. Please use -XX:HeapBaseMinAddress
#     to set the Java Heap base and to place the Java Heap above 4GB virtual address.
# This output file may be truncated or incomplete.
#
#  Out of Memory Error (arena.cpp:168), pid=11588, tid=11028
#
# JRE version: OpenJDK Runtime Environment Temurin-21.0.10+7 (21.0.10+7) (build 21.0.10+7-LTS)
# Java VM: OpenJDK 64-Bit Server VM Temurin-21.0.10+7 (21.0.10+7-LTS, mixed mode, sharing, tiered, compressed oops, compressed class ptrs, parallel gc, windows-amd64)
# No core dump will be written. Minidumps are not enabled by default on client versions of Windows
#

---------------  S U M M A R Y ------------

Command Line: --add-modules=ALL-SYSTEM --add-opens=java.base/java.util=ALL-UNNAMED --add-opens=java.base/java.lang=ALL-UNNAMED --add-opens=java.base/sun.nio.fs=ALL-UNNAMED -Declipse.application=org.eclipse.jdt.ls.core.id1 -Dosgi.bundles.defaultStartLevel=4 -Declipse.product=org.eclipse.jdt.ls.core.product -Djava.import.generatesMetadataFilesAtProjectRoot=false -DDetectVMInstallationsJob.disabled=true -Dfile.encoding=utf8 -XX:+UseParallelGC -XX:GCTimeRatio=4 -XX:AdaptiveSizePolicyWeight=90 -Dsun.zip.disableMemoryMapping=true -Xmx2G -Xms100m -Xlog:disable -javaagent:c:\Users\Dell\.vscode\extensions\redhat.java-1.53.0-win32-x64\lombok\lombok-1.18.39-4050.jar c:\Users\Dell\.vscode\extensions\redhat.java-1.53.0-win32-x64\server\plugins\org.eclipse.equinox.launcher_1.7.100.v20251111-0406.jar -configuration c:\Users\Dell\AppData\Roaming\Code\User\globalStorage\redhat.java\1.53.0\config_ss_win -data c:\Users\Dell\AppData\Roaming\Code\User\workspaceStorage\1b79784ea1aa08c984439aac9ce0ae0a\redhat.java\ss_ws --pipe=\\.\pipe\lsp-c05ec22e0cf41b3843bc46e0662d63d6-sock

Host: 11th Gen Intel(R) Core(TM) i5-1135G7 @ 2.40GHz, 8 cores, 7G,  Windows 10 , 64 bit Build 19041 (10.0.19041.5915)
Time: Sun Mar 15 00:57:05 2026 Bangladesh Standard Time elapsed time: 3.513695 seconds (0d 0h 0m 3s)

---------------  T H R E A D  ---------------

Current thread (0x0000022d848712e0):  JavaThread "C2 CompilerThread0" daemon [_thread_in_native, id=11028, stack(0x000000b724a00000,0x000000b724b00000) (1024K)]


Current CompileTask:
C2:3513 1678   !   4       lombok.patcher.ScriptManager$OurClassFileTransformer::transform (473 bytes)

Stack: [0x000000b724a00000,0x000000b724b00000]
Native frames: (J=compiled Java code, j=interpreted, Vv=VM code, C=native code)
V  [jvm.dll+0x6d7a39]
V  [jvm.dll+0x8b4b26]
V  [jvm.dll+0x8b70de]
V  [jvm.dll+0x8b77c3]
V  [jvm.dll+0x284346]
V  [jvm.dll+0xc66ed]
V  [jvm.dll+0xc6c31]
V  [jvm.dll+0x3bec3b]
V  [jvm.dll+0x38b162]
V  [jvm.dll+0x38a5aa]
V  [jvm.dll+0x24c560]
V  [jvm.dll+0x24bb40]
V  [jvm.dll+0x1cb34e]
V  [jvm.dll+0x25b85d]
V  [jvm.dll+0x259dea]
V  [jvm.dll+0x3f857e]
V  [jvm.dll+0x85f59d]
V  [jvm.dll+0x6d626d]
C  [ucrtbase.dll+0x21bb2]
C  [KERNEL32.DLL+0x17374]
C  [ntdll.dll+0x4cc91]


---------------  P R O C E S S  ---------------

Threads class SMR info:
_java_thread_list=0x0000022dc7eb3540, length=13, elements={
0x0000022dedb791c0, 0x0000022d84866570, 0x0000022d84867b20, 0x0000022d8486c370,
0x0000022d8486cfd0, 0x0000022d8486fa40, 0x0000022d848704a0, 0x0000022d848712e0,
0x0000022dc735c7b0, 0x0000022dc74f6ba0, 0x0000022dc7612070, 0x0000022dc7dd09d0,
0x0000022dc7c4d620
}

Java Threads: ( => current thread )
  0x0000022dedb791c0 JavaThread "main"                              [_thread_blocked, id=4168, stack(0x000000b724000000,0x000000b724100000) (1024K)]
  0x0000022d84866570 JavaThread "Reference Handler"          daemon [_thread_blocked, id=9552, stack(0x000000b724400000,0x000000b724500000) (1024K)]
  0x0000022d84867b20 JavaThread "Finalizer"                  daemon [_thread_blocked, id=9272, stack(0x000000b724500000,0x000000b724600000) (1024K)]
  0x0000022d8486c370 JavaThread "Signal Dispatcher"          daemon [_thread_blocked, id=20460, stack(0x000000b724600000,0x000000b724700000) (1024K)]
  0x0000022d8486cfd0 JavaThread "Attach Listener"            daemon [_thread_blocked, id=5080, stack(0x000000b724700000,0x000000b724800000) (1024K)]
  0x0000022d8486fa40 JavaThread "Service Thread"             daemon [_thread_blocked, id=14416, stack(0x000000b724800000,0x000000b724900000) (1024K)]
  0x0000022d848704a0 JavaThread "Monitor Deflation Thread"   daemon [_thread_blocked, id=19476, stack(0x000000b724900000,0x000000b724a00000) (1024K)]
=>0x0000022d848712e0 JavaThread "C2 CompilerThread0"         daemon [_thread_in_native, id=11028, stack(0x000000b724a00000,0x000000b724b00000) (1024K)]
  0x0000022dc735c7b0 JavaThread "C1 CompilerThread0"         daemon [_thread_blocked, id=19252, stack(0x000000b724b00000,0x000000b724c00000) (1024K)]
  0x0000022dc74f6ba0 JavaThread "Common-Cleaner"             daemon [_thread_blocked, id=19780, stack(0x000000b724c00000,0x000000b724d00000) (1024K)]
  0x0000022dc7612070 JavaThread "Notification Thread"        daemon [_thread_blocked, id=9212, stack(0x000000b724d00000,0x000000b724e00000) (1024K)]
  0x0000022dc7dd09d0 JavaThread "Active Thread: Equinox Container: 88857f9b-91cb-4920-953b-909228894ccf"        [_thread_blocked, id=18264, stack(0x000000b724e00000,0x000000b724f00000) (1024K)]
  0x0000022dc7c4d620 JavaThread "C2 CompilerThread1"         daemon [_thread_in_native, id=21232, stack(0x000000b725500000,0x000000b725600000) (1024K)]
Total: 13

Other Threads:
  0x0000022d84851d90 VMThread "VM Thread"                           [id=5204, stack(0x000000b724300000,0x000000b724400000) (1024K)]
  0x0000022d8478c950 WatcherThread "VM Periodic Task Thread"        [id=9136, stack(0x000000b724200000,0x000000b724300000) (1024K)]
  0x0000022dedb98ca0 WorkerThread "GC Thread#0"                     [id=19968, stack(0x000000b724100000,0x000000b724200000) (1024K)]
  0x0000022dc7864aa0 WorkerThread "GC Thread#1"                     [id=4432, stack(0x000000b724f00000,0x000000b725000000) (1024K)]
  0x0000022dc7864e50 WorkerThread "GC Thread#2"                     [id=19576, stack(0x000000b725000000,0x000000b725100000) (1024K)]
  0x0000022dc777e080 WorkerThread "GC Thread#3"                     [id=11676, stack(0x000000b725100000,0x000000b725200000) (1024K)]
  0x0000022dc777e430 WorkerThread "GC Thread#4"                     [id=10364, stack(0x000000b725200000,0x000000b725300000) (1024K)]
  0x0000022dc777e7e0 WorkerThread "GC Thread#5"                     [id=10120, stack(0x000000b725300000,0x000000b725400000) (1024K)]
  0x0000022dc777eb90 WorkerThread "GC Thread#6"                     [id=12280, stack(0x000000b725400000,0x000000b725500000) (1024K)]
Total: 9

Threads with active compile tasks:
C2 CompilerThread0  3574 1678   !   4       lombok.patcher.ScriptManager$OurClassFileTransformer::transform (473 bytes)
C2 CompilerThread1  3574 1688       4       java.math.BigInteger::implMultiplyToLen (216 bytes)
Total: 2

VM state: not at safepoint (normal execution)

VM Mutex/Monitor currently owned by a thread: None

Heap address: 0x0000000080000000, size: 2048 MB, Compressed Oops mode: 32-bit

CDS archive(s) mapped at: [0x0000022d85000000-0x0000022d85ba0000-0x0000022d85ba0000), size 12189696, SharedBaseAddress: 0x0000022d85000000, ArchiveRelocationMode: 1.
Compressed class space mapped at: 0x0000022d86000000-0x0000022dc6000000, reserved size: 1073741824
Narrow klass base: 0x0000022d85000000, Narrow klass shift: 0, Narrow klass range: 0x100000000

GC Precious Log:
 CardTable entry size: 512
 CPUs: 8 total, 8 available
 Memory: 7934M
 Large Page Support: Disabled
 NUMA Support: Disabled
 Compressed Oops: Enabled (32-bit)
 Alignments: Space 512K, Generation 512K, Heap 2M
 Heap Min Capacity: 100M
 Heap Initial Capacity: 100M
 Heap Max Capacity: 2G
 Pre-touch: Disabled
 Parallel Workers: 8

Heap:
 PSYoungGen      total 29696K, used 24950K [0x00000000d5580000, 0x00000000d7680000, 0x0000000100000000)
  eden space 25600K, 84% used [0x00000000d5580000,0x00000000d6aa3c90,0x00000000d6e80000)
  from space 4096K, 80% used [0x00000000d6e80000,0x00000000d71b9e98,0x00000000d7280000)
  to   space 4096K, 0% used [0x00000000d7280000,0x00000000d7280000,0x00000000d7680000)
 ParOldGen       total 68608K, used 0K [0x0000000080000000, 0x0000000084300000, 0x00000000d5580000)
  object space 68608K, 0% used [0x0000000080000000,0x0000000080000000,0x0000000084300000)
 Metaspace       used 7715K, committed 8000K, reserved 1114112K
  class space    used 805K, committed 960K, reserved 1048576K

Card table byte_map: [0x0000022ded520000,0x0000022ded930000] _byte_map_base: 0x0000022ded120000

Marking Bits: (ParMarkBitMap*) 0x00007fffc9133450
 Begin Bits: [0x0000022d802b0000, 0x0000022d822b0000)
 End Bits:   [0x0000022d822b0000, 0x0000022d842b0000)

Polling page: 0x0000022deb960000

Metaspace:

Usage:
  Non-class:      6.75 MB used.
      Class:    805.47 KB used.
       Both:      7.54 MB used.

Virtual space:
  Non-class space:       64.00 MB reserved,       6.88 MB ( 11%) committed,  1 nodes.
      Class space:        1.00 GB reserved,     960.00 KB ( <1%) committed,  1 nodes.
             Both:        1.06 GB reserved,       7.81 MB ( <1%) committed. 

Chunk freelists:
   Non-Class:  8.97 MB
       Class:  14.92 MB
        Both:  23.89 MB

MaxMetaspaceSize: unlimited
CompressedClassSpaceSize: 1.00 GB
Initial GC threshold: 21.00 MB
Current GC threshold: 21.00 MB
CDS: on
 - commit_granule_bytes: 65536.
 - commit_granule_words: 8192.
 - virtual_space_node_default_size: 8388608.
 - enlarge_chunks_in_place: 1.
 - use_allocation_guard: 0.


Internal statistics:

num_allocs_failed_limit: 0.
num_arena_births: 228.
num_arena_deaths: 0.
num_vsnodes_births: 2.
num_vsnodes_deaths: 0.
num_space_committed: 125.
num_space_uncommitted: 0.
num_chunks_returned_to_freelist: 0.
num_chunks_taken_from_freelist: 416.
num_chunk_merges: 0.
num_chunk_splits: 266.
num_chunks_enlarged: 172.
num_inconsistent_stats: 0.

CodeHeap 'non-profiled nmethods': size=120000Kb used=732Kb max_used=732Kb free=119268Kb
 bounds [0x0000022df8850000, 0x0000022df8ac0000, 0x0000022dffd80000]
CodeHeap 'profiled nmethods': size=120000Kb used=3033Kb max_used=3033Kb free=116967Kb
 bounds [0x0000022df0d80000, 0x0000022df1080000, 0x0000022df82b0000]
CodeHeap 'non-nmethods': size=5760Kb used=1222Kb max_used=1247Kb free=4538Kb
 bounds [0x0000022df82b0000, 0x0000022df8520000, 0x0000022df8850000]
CodeCache: size=245760Kb, used=4987Kb, max_used=5012Kb, free=240773Kb
 total_blobs=2180, nmethods=1703, adapters=384, full_count=0
Compilation: enabled, stopped_count=0, restarted_count=0

Compilation events (20 events):
Event: 3.483 Thread 0x0000022dc735c7b0 1670       3       java.lang.invoke.LambdaForm$DMH/0x0000022d86098400::newInvokeSpecial (27 bytes)
Event: 3.484 Thread 0x0000022dc735c7b0 nmethod 1670 0x0000022df1061190 code [0x0000022df10613a0, 0x0000022df1061bd8]
Event: 3.484 Thread 0x0000022dc735c7b0 1671       3       sun.security.provider.SHA2::resetHashes (19 bytes)
Event: 3.484 Thread 0x0000022dc735c7b0 nmethod 1671 0x0000022df1061e90 code [0x0000022df1062040, 0x0000022df10621f0]
Event: 3.484 Thread 0x0000022dc735c7b0 1672   !   3       java.security.MessageDigest$Delegate::of (84 bytes)
Event: 3.485 Thread 0x0000022dc735c7b0 nmethod 1672 0x0000022df1062310 code [0x0000022df1062580, 0x0000022df10631e0]
Event: 3.485 Thread 0x0000022dc735c7b0 1673       3       java.security.MessageDigest$Delegate$CloneableDelegate::<init> (8 bytes)
Event: 3.486 Thread 0x0000022dc735c7b0 nmethod 1673 0x0000022df1063690 code [0x0000022df1063840, 0x0000022df1063b10]
Event: 3.486 Thread 0x0000022dc735c7b0 1674       3       java.security.MessageDigest$Delegate::<init> (12 bytes)
Event: 3.486 Thread 0x0000022dc735c7b0 nmethod 1674 0x0000022df1063c90 code [0x0000022df1063e40, 0x0000022df10640b0]
Event: 3.486 Thread 0x0000022dc735c7b0 1675       3       java.security.MessageDigest::<init> (20 bytes)
Event: 3.486 Thread 0x0000022dc735c7b0 nmethod 1675 0x0000022df1064210 code [0x0000022df10643c0, 0x0000022df10645c0]
Event: 3.486 Thread 0x0000022dc735c7b0 1676   !   3       sun.security.provider.DigestBase::engineDigest (33 bytes)
Event: 3.486 Thread 0x0000022dc735c7b0 nmethod 1676 0x0000022df1064690 code [0x0000022df1064860, 0x0000022df1064b10]
Event: 3.487 Thread 0x0000022dc735c7b0 1677       1       org.eclipse.osgi.internal.serviceregistry.ServiceRegistrationImpl::getId (5 bytes)
Event: 3.487 Thread 0x0000022dc735c7b0 nmethod 1677 0x0000022df8905210 code [0x0000022df89053a0, 0x0000022df8905468]
Event: 3.487 Thread 0x0000022dc735c7b0 1679       1       org.eclipse.osgi.internal.serviceregistry.ServiceRegistrationImpl::getClasses (5 bytes)
Event: 3.487 Thread 0x0000022dc735c7b0 nmethod 1679 0x0000022df8905510 code [0x0000022df89056a0, 0x0000022df8905768]
Event: 3.493 Thread 0x0000022d848712e0 nmethod 1660 0x0000022df8905810 code [0x0000022df8905a80, 0x0000022df8906700]
Event: 3.493 Thread 0x0000022d848712e0 1678   !   4       lombok.patcher.ScriptManager$OurClassFileTransformer::transform (473 bytes)

GC Heap History (2 events):
Event: 2.021 GC heap before
{Heap before GC invocations=1 (full 0):
 PSYoungGen      total 29696K, used 25600K [0x00000000d5580000, 0x00000000d7680000, 0x0000000100000000)
  eden space 25600K, 100% used [0x00000000d5580000,0x00000000d6e80000,0x00000000d6e80000)
  from space 4096K, 0% used [0x00000000d7280000,0x00000000d7280000,0x00000000d7680000)
  to   space 4096K, 0% used [0x00000000d6e80000,0x00000000d6e80000,0x00000000d7280000)
 ParOldGen       total 68608K, used 0K [0x0000000080000000, 0x0000000084300000, 0x00000000d5580000)
  object space 68608K, 0% used [0x0000000080000000,0x0000000080000000,0x0000000084300000)
 Metaspace       used 4365K, committed 4608K, reserved 1114112K
  class space    used 474K, committed 576K, reserved 1048576K
}
Event: 2.039 GC heap after
{Heap after GC invocations=1 (full 0):
 PSYoungGen      total 29696K, used 3303K [0x00000000d5580000, 0x00000000d7680000, 0x0000000100000000)
  eden space 25600K, 0% used [0x00000000d5580000,0x00000000d5580000,0x00000000d6e80000)
  from space 4096K, 80% used [0x00000000d6e80000,0x00000000d71b9e98,0x00000000d7280000)
  to   space 4096K, 0% used [0x00000000d7280000,0x00000000d7280000,0x00000000d7680000)
 ParOldGen       total 68608K, used 0K [0x0000000080000000, 0x0000000084300000, 0x00000000d5580000)
  object space 68608K, 0% used [0x0000000080000000,0x0000000080000000,0x0000000084300000)
 Metaspace       used 4365K, committed 4608K, reserved 1114112K
  class space    used 474K, committed 576K, reserved 1048576K
}

Dll operation events (8 events):
Event: 0.018 Loaded shared library c:\Users\Dell\.vscode\extensions\redhat.java-1.53.0-win32-x64\jre\21.0.10-win32-x86_64\bin\java.dll
Event: 0.152 Loaded shared library c:\Users\Dell\.vscode\extensions\redhat.java-1.53.0-win32-x64\jre\21.0.10-win32-x86_64\bin\zip.dll
Event: 0.187 Loaded shared library C:\Users\Dell\.vscode\extensions\redhat.java-1.53.0-win32-x64\jre\21.0.10-win32-x86_64\bin\instrument.dll
Event: 0.193 Loaded shared library C:\Users\Dell\.vscode\extensions\redhat.java-1.53.0-win32-x64\jre\21.0.10-win32-x86_64\bin\net.dll
Event: 0.197 Loaded shared library C:\Users\Dell\.vscode\extensions\redhat.java-1.53.0-win32-x64\jre\21.0.10-win32-x86_64\bin\nio.dll
Event: 0.202 Loaded shared library C:\Users\Dell\.vscode\extensions\redhat.java-1.53.0-win32-x64\jre\21.0.10-win32-x86_64\bin\zip.dll
Event: 0.271 Loaded shared library C:\Users\Dell\.vscode\extensions\redhat.java-1.53.0-win32-x64\jre\21.0.10-win32-x86_64\bin\jimage.dll
Event: 0.409 Loaded shared library c:\Users\Dell\.vscode\extensions\redhat.java-1.53.0-win32-x64\jre\21.0.10-win32-x86_64\bin\verify.dll

Deoptimization events (20 events):
Event: 3.136 Thread 0x0000022dedb791c0 DEOPT PACKING pc=0x0000022df88dfe4c sp=0x000000b7240feca0
Event: 3.136 Thread 0x0000022dedb791c0 DEOPT UNPACKING pc=0x0000022df8306da2 sp=0x000000b7240fec30 mode 2
Event: 3.137 Thread 0x0000022dedb791c0 Uncommon trap: trap_request=0xffffff45 fr.pc=0x0000022df88f9dbc relative=0x000000000000009c
Event: 3.137 Thread 0x0000022dedb791c0 Uncommon trap: reason=unstable_if action=reinterpret pc=0x0000022df88f9dbc method=java.util.concurrent.locks.ReentrantLock$Sync.tryRelease(I)Z @ 26 c2
Event: 3.137 Thread 0x0000022dedb791c0 DEOPT PACKING pc=0x0000022df88f9dbc sp=0x000000b7240fedc0
Event: 3.137 Thread 0x0000022dedb791c0 DEOPT UNPACKING pc=0x0000022df8306da2 sp=0x000000b7240fec80 mode 2
Event: 3.414 Thread 0x0000022dedb791c0 Uncommon trap: trap_request=0xffffffde fr.pc=0x0000022df88ee458 relative=0x0000000000000ad8
Event: 3.414 Thread 0x0000022dedb791c0 Uncommon trap: reason=class_check action=maybe_recompile pc=0x0000022df88ee458 method=java.util.HashMap.putVal(ILjava/lang/Object;Ljava/lang/Object;ZZ)Ljava/lang/Object; @ 253 c2
Event: 3.414 Thread 0x0000022dedb791c0 DEOPT PACKING pc=0x0000022df88ee458 sp=0x000000b7240fe6a0
Event: 3.414 Thread 0x0000022dedb791c0 DEOPT UNPACKING pc=0x0000022df8306da2 sp=0x000000b7240fe5c8 mode 2
Event: 3.417 Thread 0x0000022dedb791c0 Uncommon trap: trap_request=0xffffffde fr.pc=0x0000022df88ee458 relative=0x0000000000000ad8
Event: 3.417 Thread 0x0000022dedb791c0 Uncommon trap: reason=class_check action=maybe_recompile pc=0x0000022df88ee458 method=java.util.HashMap.putVal(ILjava/lang/Object;Ljava/lang/Object;ZZ)Ljava/lang/Object; @ 253 c2
Event: 3.417 Thread 0x0000022dedb791c0 DEOPT PACKING pc=0x0000022df88ee458 sp=0x000000b7240fe6a0
Event: 3.417 Thread 0x0000022dedb791c0 DEOPT UNPACKING pc=0x0000022df8306da2 sp=0x000000b7240fe5c8 mode 2
Event: 3.418 Thread 0x0000022dedb791c0 Uncommon trap: trap_request=0xffffffde fr.pc=0x0000022df88eb940 relative=0x0000000000000a40
Event: 3.418 Thread 0x0000022dedb791c0 Uncommon trap: reason=class_check action=maybe_recompile pc=0x0000022df88eb940 method=java.util.HashMap.putVal(ILjava/lang/Object;Ljava/lang/Object;ZZ)Ljava/lang/Object; @ 253 c2
Event: 3.418 Thread 0x0000022dedb791c0 DEOPT PACKING pc=0x0000022df88eb940 sp=0x000000b7240fe500
Event: 3.418 Thread 0x0000022dedb791c0 DEOPT UNPACKING pc=0x0000022df8306da2 sp=0x000000b7240fe4c0 mode 2
Event: 3.487 Thread 0x0000022dedb791c0 DEOPT PACKING pc=0x0000022df0e4a33c sp=0x000000b7240f9460
Event: 3.487 Thread 0x0000022dedb791c0 DEOPT UNPACKING pc=0x0000022df83078e2 sp=0x000000b7240f8980 mode 0

Classes loaded (20 events):
Event: 3.341 Loading class java/util/ArrayList$ListItr
Event: 3.341 Loading class java/util/ArrayList$ListItr done
Event: 3.354 Loading class java/net/ContentHandlerFactory
Event: 3.354 Loading class java/net/ContentHandlerFactory done
Event: 3.417 Loading class java/util/ConcurrentModificationException
Event: 3.417 Loading class java/util/ConcurrentModificationException done
Event: 3.435 Loading class java/util/LinkedList
Event: 3.436 Loading class java/util/AbstractSequentialList
Event: 3.436 Loading class java/util/AbstractSequentialList done
Event: 3.436 Loading class java/util/LinkedList done
Event: 3.453 Loading class java/net/ContentHandler
Event: 3.454 Loading class java/net/ContentHandler done
Event: 3.455 Loading class java/net/UrlDeserializedState
Event: 3.455 Loading class java/net/UrlDeserializedState done
Event: 3.455 Loading class java/lang/reflect/InaccessibleObjectException
Event: 3.455 Loading class java/lang/reflect/InaccessibleObjectException done
Event: 3.458 Loading class java/lang/StackWalker$Option
Event: 3.458 Loading class java/lang/StackWalker$Option done
Event: 3.487 Loading class javax/xml/parsers/ParserConfigurationException
Event: 3.487 Loading class javax/xml/parsers/ParserConfigurationException done

Classes unloaded (0 events):
No events

Classes redefined (0 events):
No events

Internal exceptions (20 events):
Event: 1.482 Thread 0x0000022dedb791c0 Exception <a 'java/lang/NoSuchMethodError'{0x00000000d6604228}: 'java.lang.Object java.lang.invoke.DirectMethodHandle$Holder.invokeInterface(java.lang.Object, java.lang.Object, int)'> (0x00000000d6604228) 
thrown [s\src\hotspot\share\interpreter\linkResolver.cpp, line 773]
Event: 1.840 Thread 0x0000022dedb791c0 Exception <a 'java/lang/NoSuchMethodError'{0x00000000d6a69e88}: 'java.lang.ClassLoader java.lang.ClassLoader.getPlatformClassLoader(java.lang.Class)'> (0x00000000d6a69e88) 
thrown [s\src\hotspot\share\interpreter\linkResolver.cpp, line 773]
Event: 2.042 Thread 0x0000022dedb791c0 Exception <a 'java/lang/ClassNotFoundException'{0x00000000d5585888}: sun/net/www/protocol/c/Handler> (0x00000000d5585888) 
thrown [s\src\hotspot\share\classfile\systemDictionary.cpp, line 312]
Event: 2.043 Thread 0x0000022dedb791c0 Exception <a 'java/lang/ClassNotFoundException'{0x00000000d5586bd0}: sun/net/www/protocol/e/Handler> (0x00000000d5586bd0) 
thrown [s\src\hotspot\share\classfile\systemDictionary.cpp, line 312]
Event: 2.043 Thread 0x0000022dedb791c0 Exception <a 'java/lang/ClassNotFoundException'{0x00000000d5587d28}: sun/net/www/protocol/c/Handler> (0x00000000d5587d28) 
thrown [s\src\hotspot\share\classfile\systemDictionary.cpp, line 312]
Event: 2.054 Thread 0x0000022dedb791c0 Exception <a 'java/io/FileNotFoundException'{0x00000000d55b0148}> (0x00000000d55b0148) 
thrown [s\src\hotspot\share\prims\jni.cpp, line 520]
Event: 2.150 Thread 0x0000022dedb791c0 Implicit null exception at 0x0000022df88c4cc9 to 0x0000022df88c57b8
Event: 2.150 Thread 0x0000022dedb791c0 Implicit null exception at 0x0000022df88b989a to 0x0000022df88b9aa0
Event: 2.151 Thread 0x0000022dedb791c0 Exception <a 'java/lang/NoSuchMethodError'{0x00000000d56df768}: 'void java.lang.invoke.DirectMethodHandle$Holder.invokeStatic(java.lang.Object, java.lang.Object, java.lang.Object, java.lang.Object)'> (0x00000000d56df768) 
thrown [s\src\hotspot\share\interpreter\linkResolver.cpp, line 773]
Event: 2.171 Thread 0x0000022dedb791c0 Implicit null exception at 0x0000022df88bc21a to 0x0000022df88bc424
Event: 2.171 Thread 0x0000022dedb791c0 Implicit null exception at 0x0000022df88b6e3d to 0x0000022df88b6ec1
Event: 2.432 Thread 0x0000022dedb791c0 Exception <a 'java/lang/NoSuchMethodError'{0x00000000d59a46b0}: 'void java.lang.invoke.DirectMethodHandle$Holder.invokeSpecial(java.lang.Object, java.lang.Object, java.lang.Object)'> (0x00000000d59a46b0) 
thrown [s\src\hotspot\share\interpreter\linkResolver.cpp, line 773]
Event: 2.992 Thread 0x0000022dedb791c0 Exception <a 'java/lang/NoSuchMethodError'{0x00000000d62b8f80}: 'int java.lang.invoke.DirectMethodHandle$Holder.invokeVirtual(java.lang.Object, java.lang.Object)'> (0x00000000d62b8f80) 
thrown [s\src\hotspot\share\interpreter\linkResolver.cpp, line 773]
Event: 3.157 Thread 0x0000022dedb791c0 Exception <a 'java/lang/NoSuchMethodError'{0x00000000d642c548}: 'int java.lang.invoke.DirectMethodHandle$Holder.invokeStaticInit(java.lang.Object, java.lang.Object, java.lang.Object, java.lang.Object)'> (0x00000000d642c548) 
thrown [s\src\hotspot\share\interpreter\linkResolver.cpp, line 773]
Event: 3.226 Thread 0x0000022dedb791c0 Exception <a 'java/lang/IncompatibleClassChangeError'{0x00000000d6434b90}: Found class java.lang.Object, but interface was expected> (0x00000000d6434b90) 
thrown [s\src\hotspot\share\interpreter\linkResolver.cpp, line 840]
Event: 3.227 Thread 0x0000022dedb791c0 Exception <a 'java/lang/NoSuchMethodError'{0x00000000d643b160}: 'void java.lang.invoke.DirectMethodHandle$Holder.invokeStaticInit(java.lang.Object, java.lang.Object)'> (0x00000000d643b160) 
thrown [s\src\hotspot\share\interpreter\linkResolver.cpp, line 773]
Event: 3.228 Thread 0x0000022dedb791c0 Exception <a 'java/lang/NoSuchMethodError'{0x00000000d6445658}: 'int java.lang.invoke.DirectMethodHandle$Holder.invokeStaticInit(java.lang.Object, java.lang.Object)'> (0x00000000d6445658) 
thrown [s\src\hotspot\share\interpreter\linkResolver.cpp, line 773]
Event: 3.370 Thread 0x0000022dedb791c0 Exception <a 'java/lang/NoSuchMethodError'{0x00000000d668c490}: 'java.lang.Object java.lang.invoke.DirectMethodHandle$Holder.newInvokeSpecial(java.lang.Object, int, java.lang.Object)'> (0x00000000d668c490) 
thrown [s\src\hotspot\share\interpreter\linkResolver.cpp, line 773]
Event: 3.463 Thread 0x0000022dedb791c0 Exception <a 'java/lang/ClassNotFoundException'{0x00000000d68a6458}: sun/net/www/protocol/plurl/Handler> (0x00000000d68a6458) 
thrown [s\src\hotspot\share\classfile\systemDictionary.cpp, line 312]
Event: 3.463 Thread 0x0000022dedb791c0 Exception <a 'java/lang/ClassNotFoundException'{0x00000000d68a72d8}: sun/net/www/protocol/plurl/Handler> (0x00000000d68a72d8) 
thrown [s\src\hotspot\share\classfile\systemDictionary.cpp, line 312]

ZGC Phase Switch (0 events):
No events

VM Operations (20 events):
Event: 0.302 Executing non-safepoint VM operation: HandshakeAllThreads (Deoptimize)
Event: 0.303 Executing non-safepoint VM operation: HandshakeAllThreads (Deoptimize) done
Event: 1.224 Executing non-safepoint VM operation: HandshakeAllThreads (Deoptimize)
Event: 1.224 Executing non-safepoint VM operation: HandshakeAllThreads (Deoptimize) done
Event: 1.224 Executing safepoint VM operation: Cleanup
Event: 1.224 Executing safepoint VM operation: Cleanup done
Event: 1.244 Executing non-safepoint VM operation: HandshakeAllThreads (Deoptimize)
Event: 1.244 Executing non-safepoint VM operation: HandshakeAllThreads (Deoptimize) done
Event: 2.021 Executing safepoint VM operation: ParallelGCFailedAllocation (Allocation Failure)
Event: 2.039 Executing safepoint VM operation: ParallelGCFailedAllocation (Allocation Failure) done
Event: 3.046 Executing safepoint VM operation: Cleanup
Event: 3.046 Executing safepoint VM operation: Cleanup done
Event: 3.253 Executing non-safepoint VM operation: HandshakeAllThreads (Deoptimize)
Event: 3.324 Executing non-safepoint VM operation: HandshakeAllThreads (Deoptimize) done
Event: 3.342 Executing non-safepoint VM operation: HandshakeAllThreads (Deoptimize)
Event: 3.342 Executing non-safepoint VM operation: HandshakeAllThreads (Deoptimize) done
Event: 3.436 Executing non-safepoint VM operation: HandshakeAllThreads (Deoptimize)
Event: 3.436 Executing non-safepoint VM operation: HandshakeAllThreads (Deoptimize) done
Event: 3.456 Executing non-safepoint VM operation: HandshakeAllThreads (Deoptimize)
Event: 3.456 Executing non-safepoint VM operation: HandshakeAllThreads (Deoptimize) done

Memory protections (0 events):
No events

Nmethod flushes (0 events):
No events

Events (18 events):
Event: 0.047 Thread 0x0000022dedb791c0 Thread added: 0x0000022dedb791c0
Event: 0.076 Thread 0x0000022dedb791c0 Thread added: 0x0000022d84866570
Event: 0.076 Thread 0x0000022dedb791c0 Thread added: 0x0000022d84867b20
Event: 0.077 Thread 0x0000022dedb791c0 Thread added: 0x0000022d8486c370
Event: 0.077 Thread 0x0000022dedb791c0 Thread added: 0x0000022d8486cfd0
Event: 0.077 Thread 0x0000022dedb791c0 Thread added: 0x0000022d8486fa40
Event: 0.077 Thread 0x0000022dedb791c0 Thread added: 0x0000022d848704a0
Event: 0.077 Thread 0x0000022dedb791c0 Thread added: 0x0000022d848712e0
Event: 0.082 Thread 0x0000022dedb791c0 Thread added: 0x0000022dc735c7b0
Event: 0.190 Thread 0x0000022dedb791c0 Thread added: 0x0000022dc74f6ba0
Event: 0.712 Thread 0x0000022dedb791c0 Thread added: 0x0000022dc7612070
Event: 0.724 Thread 0x0000022dc735c7b0 Thread added: 0x0000022dc7694ad0
Event: 1.482 Thread 0x0000022dc7694ad0 Thread exited: 0x0000022dc7694ad0
Event: 1.950 Thread 0x0000022dc735c7b0 Thread added: 0x0000022dc7c31ec0
Event: 2.403 Thread 0x0000022dc7c31ec0 Thread exited: 0x0000022dc7c31ec0
Event: 2.934 Thread 0x0000022dc735c7b0 Thread added: 0x0000022dc7b1aff0
Event: 3.129 Thread 0x0000022dc7b1aff0 Thread exited: 0x0000022dc7b1aff0
Event: 3.242 Thread 0x0000022dedb791c0 Thread added: 0x0000022dc7dd09d0


Dynamic libraries:
0x00007ff6bbfa0000 - 0x00007ff6bbfae000 	c:\Users\Dell\.vscode\extensions\redhat.java-1.53.0-win32-x64\jre\21.0.10-win32-x86_64\bin\java.exe
0x00007ff885d30000 - 0x00007ff885f28000 	C:\Windows\SYSTEM32\ntdll.dll
0x00007ff883e70000 - 0x00007ff883f32000 	C:\Windows\System32\KERNEL32.DLL
0x00007ff883890000 - 0x00007ff883b86000 	C:\Windows\System32\KERNELBASE.dll
0x00007ff8833f0000 - 0x00007ff8834f0000 	C:\Windows\System32\ucrtbase.dll
0x00007ff854ec0000 - 0x00007ff854ed8000 	c:\Users\Dell\.vscode\extensions\redhat.java-1.53.0-win32-x64\jre\21.0.10-win32-x86_64\bin\jli.dll
0x00007ff885610000 - 0x00007ff8857b1000 	C:\Windows\System32\USER32.dll
0x00007ff8834f0000 - 0x00007ff883512000 	C:\Windows\System32\win32u.dll
0x00007ff852c70000 - 0x00007ff852c8e000 	c:\Users\Dell\.vscode\extensions\redhat.java-1.53.0-win32-x64\jre\21.0.10-win32-x86_64\bin\VCRUNTIME140.dll
0x00007ff884b10000 - 0x00007ff884b3b000 	C:\Windows\System32\GDI32.dll
0x00007ff883c30000 - 0x00007ff883d49000 	C:\Windows\System32\gdi32full.dll
0x00007ff8721c0000 - 0x00007ff87245b000 	C:\Windows\WinSxS\amd64_microsoft.windows.common-controls_6595b64144ccf1df_6.0.19041.6456_none_60b8a6cb71f64256\COMCTL32.dll
0x00007ff883b90000 - 0x00007ff883c2d000 	C:\Windows\System32\msvcp_win.dll
0x00007ff884930000 - 0x00007ff8849ce000 	C:\Windows\System32\msvcrt.dll
0x00007ff884220000 - 0x00007ff88424f000 	C:\Windows\System32\IMM32.DLL
0x00007ff8730a0000 - 0x00007ff8730ac000 	c:\Users\Dell\.vscode\extensions\redhat.java-1.53.0-win32-x64\jre\21.0.10-win32-x86_64\bin\vcruntime140_1.dll
0x00007ff84f8b0000 - 0x00007ff84f93d000 	c:\Users\Dell\.vscode\extensions\redhat.java-1.53.0-win32-x64\jre\21.0.10-win32-x86_64\bin\msvcp140.dll
0x00007fffc8470000 - 0x00007fffc9211000 	c:\Users\Dell\.vscode\extensions\redhat.java-1.53.0-win32-x64\jre\21.0.10-win32-x86_64\bin\server\jvm.dll
0x00007ff885c30000 - 0x00007ff885ce1000 	C:\Windows\System32\ADVAPI32.dll
0x00007ff884320000 - 0x00007ff8843bf000 	C:\Windows\System32\sechost.dll
0x00007ff883d50000 - 0x00007ff883e70000 	C:\Windows\System32\RPCRT4.dll
0x00007ff8833c0000 - 0x00007ff8833e7000 	C:\Windows\System32\bcrypt.dll
0x00007ff8842b0000 - 0x00007ff88431b000 	C:\Windows\System32\WS2_32.dll
0x00007ff8827e0000 - 0x00007ff88282b000 	C:\Windows\SYSTEM32\POWRPROF.dll
0x00007ff8807c0000 - 0x00007ff8807e7000 	C:\Windows\SYSTEM32\WINMM.dll
0x00007ff87bfc0000 - 0x00007ff87bfca000 	C:\Windows\SYSTEM32\VERSION.dll
0x00007ff882780000 - 0x00007ff882792000 	C:\Windows\SYSTEM32\UMPDC.dll
0x00007ff8810f0000 - 0x00007ff881102000 	C:\Windows\SYSTEM32\kernel.appcore.dll
0x00007ff86eb60000 - 0x00007ff86eb6a000 	c:\Users\Dell\.vscode\extensions\redhat.java-1.53.0-win32-x64\jre\21.0.10-win32-x86_64\bin\jimage.dll
0x00007ff880530000 - 0x00007ff880731000 	C:\Windows\SYSTEM32\DBGHELP.DLL
0x00007ff880780000 - 0x00007ff8807b4000 	C:\Windows\SYSTEM32\dbgcore.DLL
0x00007ff8835a0000 - 0x00007ff883622000 	C:\Windows\System32\bcryptPrimitives.dll
0x00007ff85fd40000 - 0x00007ff85fd4f000 	c:\Users\Dell\.vscode\extensions\redhat.java-1.53.0-win32-x64\jre\21.0.10-win32-x86_64\bin\instrument.dll
0x00007ff852b00000 - 0x00007ff852b20000 	c:\Users\Dell\.vscode\extensions\redhat.java-1.53.0-win32-x64\jre\21.0.10-win32-x86_64\bin\java.dll
0x00007ff884b40000 - 0x00007ff8852b0000 	C:\Windows\System32\SHELL32.dll
0x00007ff8813f0000 - 0x00007ff881b95000 	C:\Windows\SYSTEM32\windows.storage.dll
0x00007ff8852b0000 - 0x00007ff885604000 	C:\Windows\System32\combase.dll
0x00007ff882d10000 - 0x00007ff882d3b000 	C:\Windows\SYSTEM32\Wldp.dll
0x00007ff884150000 - 0x00007ff88421d000 	C:\Windows\System32\OLEAUT32.dll
0x00007ff884880000 - 0x00007ff88492d000 	C:\Windows\System32\SHCORE.dll
0x00007ff884810000 - 0x00007ff88486b000 	C:\Windows\System32\shlwapi.dll
0x00007ff8832f0000 - 0x00007ff883314000 	C:\Windows\SYSTEM32\profapi.dll
0x00007ff852430000 - 0x00007ff852448000 	c:\Users\Dell\.vscode\extensions\redhat.java-1.53.0-win32-x64\jre\21.0.10-win32-x86_64\bin\zip.dll
0x00007ff86e9f0000 - 0x00007ff86ea00000 	C:\Users\Dell\.vscode\extensions\redhat.java-1.53.0-win32-x64\jre\21.0.10-win32-x86_64\bin\net.dll
0x00007ff87f5a0000 - 0x00007ff87f6aa000 	C:\Windows\SYSTEM32\WINHTTP.dll
0x00007ff882af0000 - 0x00007ff882b5a000 	C:\Windows\system32\mswsock.dll
0x00007ff850860000 - 0x00007ff850876000 	C:\Users\Dell\.vscode\extensions\redhat.java-1.53.0-win32-x64\jre\21.0.10-win32-x86_64\bin\nio.dll
0x00007ff860450000 - 0x00007ff860460000 	c:\Users\Dell\.vscode\extensions\redhat.java-1.53.0-win32-x64\jre\21.0.10-win32-x86_64\bin\verify.dll

JVMTI agents:
c:\Users\Dell\.vscode\extensions\redhat.java-1.53.0-win32-x64\lombok\lombok-1.18.39-4050.jar path:c:\Users\Dell\.vscode\extensions\redhat.java-1.53.0-win32-x64\jre\21.0.10-win32-x86_64\bin\instrument.dll, loaded, initialized, instrumentlib options:none

dbghelp: loaded successfully - version: 4.0.5 - missing functions: none
symbol engine: initialized successfully - sym options: 0x614 - pdb path: .;c:\Users\Dell\.vscode\extensions\redhat.java-1.53.0-win32-x64\jre\21.0.10-win32-x86_64\bin;C:\Windows\SYSTEM32;C:\Windows\WinSxS\amd64_microsoft.windows.common-controls_6595b64144ccf1df_6.0.19041.6456_none_60b8a6cb71f64256;c:\Users\Dell\.vscode\extensions\redhat.java-1.53.0-win32-x64\jre\21.0.10-win32-x86_64\bin\server

VM Arguments:
jvm_args: --add-modules=ALL-SYSTEM --add-opens=java.base/java.util=ALL-UNNAMED --add-opens=java.base/java.lang=ALL-UNNAMED --add-opens=java.base/sun.nio.fs=ALL-UNNAMED -Declipse.application=org.eclipse.jdt.ls.core.id1 -Dosgi.bundles.defaultStartLevel=4 -Declipse.product=org.eclipse.jdt.ls.core.product -Djava.import.generatesMetadataFilesAtProjectRoot=false -DDetectVMInstallationsJob.disabled=true -Dfile.encoding=utf8 -XX:+UseParallelGC -XX:GCTimeRatio=4 -XX:AdaptiveSizePolicyWeight=90 -Dsun.zip.disableMemoryMapping=true -Xmx2G -Xms100m -Xlog:disable -javaagent:c:\Users\Dell\.vscode\extensions\redhat.java-1.53.0-win32-x64\lombok\lombok-1.18.39-4050.jar 
java_command: c:\Users\Dell\.vscode\extensions\redhat.java-1.53.0-win32-x64\server\plugins\org.eclipse.equinox.launcher_1.7.100.v20251111-0406.jar -configuration c:\Users\Dell\AppData\Roaming\Code\User\globalStorage\redhat.java\1.53.0\config_ss_win -data c:\Users\Dell\AppData\Roaming\Code\User\workspaceStorage\1b79784ea1aa08c984439aac9ce0ae0a\redhat.java\ss_ws --pipe=\\.\pipe\lsp-c05ec22e0cf41b3843bc46e0662d63d6-sock
java_class_path (initial): c:\Users\Dell\.vscode\extensions\redhat.java-1.53.0-win32-x64\server\plugins\org.eclipse.equinox.launcher_1.7.100.v20251111-0406.jar
Launcher Type: SUN_STANDARD

[Global flags]
    uintx AdaptiveSizePolicyWeight                 = 90                                        {product} {command line}
     intx CICompilerCount                          = 4                                         {product} {ergonomic}
    uintx GCTimeRatio                              = 4                                         {product} {command line}
   size_t InitialHeapSize                          = 104857600                                 {product} {command line}
   size_t MaxHeapSize                              = 2147483648                                {product} {command line}
   size_t MaxNewSize                               = 715653120                                 {product} {ergonomic}
   size_t MinHeapDeltaBytes                        = 524288                                    {product} {ergonomic}
   size_t MinHeapSize                              = 104857600                                 {product} {command line}
   size_t NewSize                                  = 34603008                                  {product} {ergonomic}
    uintx NonNMethodCodeHeapSize                   = 5839372                                {pd product} {ergonomic}
    uintx NonProfiledCodeHeapSize                  = 122909434                              {pd product} {ergonomic}
   size_t OldSize                                  = 70254592                                  {product} {ergonomic}
    uintx ProfiledCodeHeapSize                     = 122909434                              {pd product} {ergonomic}
    uintx ReservedCodeCacheSize                    = 251658240                              {pd product} {ergonomic}
     bool SegmentedCodeCache                       = true                                      {product} {ergonomic}
   size_t SoftMaxHeapSize                          = 2147483648                             {manageable} {ergonomic}
     bool UseCompressedOops                        = true                           {product lp64_product} {ergonomic}
     bool UseLargePagesIndividualAllocation        = false                                  {pd product} {ergonomic}
     bool UseParallelGC                            = true                                      {product} {command line}

Logging:
Log output configuration:
 #0: stdout all=off uptime,level,tags foldmultilines=false
 #1: stderr all=off uptime,level,tags foldmultilines=false

Release file:
JAVA_VERSION="21.0.10" 
MODULES="java.base java.compiler java.datatransfer java.xml java.prefs java.desktop java.instrument java.logging java.management java.security.sasl java.naming java.rmi java.management.rmi java.net.http java.scripting java.security.jgss java.transaction.xa java.sql java.sql.rowset java.xml.crypto java.se java.smartcardio jdk.accessibility jdk.internal.jvmstat jdk.attach jdk.charsets jdk.internal.opt jdk.zipfs jdk.compiler jdk.crypto.ec jdk.crypto.cryptoki jdk.crypto.mscapi jdk.dynalink jdk.internal.ed jdk.editpad jdk.hotspot.agent jdk.httpserver jdk.internal.le jdk.internal.vm.ci jdk.internal.vm.compiler jdk.internal.vm.compiler.management jdk.jartool jdk.javadoc jdk.jcmd jdk.management jdk.management.agent jdk.jconsole jdk.jdeps jdk.jdwp.agent jdk.jdi jdk.jfr jdk.jshell jdk.jsobject jdk.jstatd jdk.localedata jdk.management.jfr jdk.naming.dns jdk.naming.rmi jdk.net jdk.nio.mapmode jdk.random jdk.sctp jdk.security.auth jdk.security.jgss jdk.unsupported jdk.unsupported.desktop jdk.xml.dom" 

Environment Variables:
JAVA_HOME=C:\Program Files\Java\jdk-21
PATH=C:\Users\Dell\AppData\Local\Programs\Microsoft VS Code;D:\app\oracle\product\11.2.0\server\bin;C:\Users\Dell\AppData\Local\Programs\Python\Python313\Scripts\;C:\Users\Dell\AppData\Local\Programs\Python\Python313\;C:\Program Files\Common Files\Oracle\Java\javapath;C:\Windows\system32;C:\Windows;C:\Windows\System32\Wbem;C:\Windows\System32\WindowsPowerShell\v1.0\;C:\Windows\System32\OpenSSH\;C:\Program Files (x86)\NVIDIA Corporation\PhysX\Common;C:\Program Files\NVIDIA Corporation\NVIDIA NvDLISR;C:\MinGW\bin;C:\Program Files\CodeBlocks\MinGW\bin;C:\Program Files\Git\cmd;C:\Users\Dell\AppData\Local\Programs\Python\Python313;C:\Program Files\MySQL\MySQL Server 8.0\bin;C:\Program Files\MySQL\MySQL Server 8.0\bin;C:\Program Files\nodejs\;C:\ProgramData\chocolatey\bin;C:\xampp\php;C:\ProgramData\ComposerSetup\bin;C:\Users\Dell\AppData\Roaming\npm;C:\src\flutter\bin;C:\Program Files\dotnet\;C:\Program Files\Docker\Docker\resources\bin;C:\apache-ant-1.10.15\bin;C:\Program Files\Java\jdk-21\bin;C:\Program Files\CMake\bin;E:\LLVM\bin;E:\Visual Studio\VC\Tools\MSVC\14.50.35717\bin\Hostx64\x64;C:\Program Files\MySQL\MySQL Shell 8.0\bin\;C:\Users\Dell\AppData\Local\Programs\Python\Python313\;C:\Users\Dell\AppData\Local\Microsoft\WindowsApps;C:\Program Files\CodeBlocks\MinGW\bin;C:\Users\Dell\AppData\Local\Programs\Microsoft VS Code\bin;C:\Users\Dell\AppData\Local\GitHubDesktop\bin;D:\IntelliJ IDEA 2025.3.1.1\bin;C:\Program Files\JetBrains\IntelliJ IDEA Community Edition 2024.2.3\bin;;C:\Program Files\MySQL\MySQL Server 8.0\bin;C:\Users\Dell\AppData\Local\Google\Cloud SDK\google-cloud-sdk\bin;C:\Program Files\JetBrains\PyCharm 2024.3.4\bin;;C:\Users\Dell\AppData\Roaming\npm;C:\Users\Dell\AppData\Roaming\Composer\vendor\bin;C:\src\flutter\bin;C:\Android\cmdline-tools\bin;C:\Users\Dell\AppData\Local\Programs\Python\Python313\Scripts\;C:\winflexbison;C:\Program Files\PostgreSQL\18\bin;E:\mongosh-2.7.0-win32-x64\bin;E:\poppler-25.12.0\Library\bin;C:\Program Files\Tesseract-OCR;C:\Users\Dell\AppData\Local\Programs\MiKTeX\miktex\bin\x64\
USERNAME=Dell
OS=Windows_NT
PROCESSOR_IDENTIFIER=Intel64 Family 6 Model 140 Stepping 1, GenuineIntel
TMP=C:\Users\Dell\AppData\Local\Temp
TEMP=C:\Users\Dell\AppData\Local\Temp




Periodic native trim disabled

---------------  S Y S T E M  ---------------

OS:
 Windows 10 , 64 bit Build 19041 (10.0.19041.5915)
OS uptime: 0 days 3:56 hours
Hyper-V role detected

CPU: total 8 (initial active 8) (4 cores per cpu, 2 threads per core) family 6 model 140 stepping 1 microcode 0xbe, cx8, cmov, fxsr, ht, mmx, 3dnowpref, sse, sse2, sse3, ssse3, sse4.1, sse4.2, popcnt, lzcnt, tsc, tscinvbit, avx, avx2, aes, erms, clmul, bmi1, bmi2, adx, avx512f, avx512dq, avx512cd, avx512bw, avx512vl, sha, fma, vzeroupper, avx512_vpopcntdq, avx512_vpclmulqdq, avx512_vaes, avx512_vnni, clflush, clflushopt, clwb, avx512_vbmi2, avx512_vbmi, hv, rdtscp, rdpid, fsrm, gfni, avx512_bitalg, f16c, cet_ibt, cet_ss, avx512_ifma
Processor Information for the first 8 processors :
  Max Mhz: 2419, Current Mhz: 2419, Mhz Limit: 2419

Memory: 4k page, system-wide physical 7934M (582M free)
TotalPageFile size 18190M (AvailPageFile size 1M)
current process WorkingSet (physical memory assigned to process): 86M, peak: 86M
current process commit charge ("private bytes"): 239M, peak: 239M

vm_info: OpenJDK 64-Bit Server VM (21.0.10+7-LTS) for windows-amd64 JRE (21.0.10+7-LTS), built on 2026-01-20T00:00:00Z by "admin" with MS VC++ 17.12 (VS2022)

END.
